[2026-03-30T13:22:31.913Z] GET http://localhost:7892/index.html → 200 (52ms, 195077B)
[2026-03-30T13:22:32.011Z] GET http://localhost:7892/style.css → 200 (28ms, 30877B)
[2026-03-30T13:22:32.011Z] GET https://fonts.googleapis.com/css2?family=Inter:wght@400;500;600;700;800;900&family=JetBrains+Mono:wght@500;700&display=swap → pending (?ms, ?B)
[2026-03-30T13:22:32.011Z] GET http://localhost:7892/img/skins/item_craft_dragonfire_blade.webp → 200 (36ms, 4468B)
[2026-03-30T13:22:32.011Z] GET http://localhost:7892/img/skins/item_void_helm.webp → 200 (34ms, 3716B)
[2026-03-30T13:22:32.011Z] GET http://localhost:7892/img/skins/chest_legendary_chest.webp → 200 (36ms, 4788B)
[2026-03-30T13:22:32.016Z] GET http://localhost:7892/img/skins/item_craft_dragon_crown.webp → 200 (31ms, 6960B)
[2026-03-30T13:22:32.017Z] GET http://localhost:7892/img/skills.png → 200 (33ms, 37512B)
[2026-03-30T13:22:32.017Z] GET http://localhost:7892/img/inventory.png → 200 (34ms, 76128B)
[2026-03-30T13:22:32.017Z] GET http://localhost:7892/img/arena.png → 200 (34ms, 83084B)
[2026-03-30T13:22:32.017Z] GET http://localhost:7892/img/loot.png → 200 (36ms, 203652B)
[2026-03-30T13:22:32.017Z] GET http://localhost:7892/img/craft.png → 200 (38ms, 33284B)
[2026-03-30T13:22:32.017Z] GET http://localhost:7892/img/farm.png → 200 (38ms, 54370B)
[2026-03-30T13:22:32.017Z] GET http://localhost:7892/img/marketplace.png → 200 (39ms, 47889B)
[2026-03-30T13:22:32.017Z] GET http://localhost:7892/img/analytics.png → 200 (50ms, 44190B)
[2026-03-30T13:22:32.017Z] GET http://localhost:7892/img/skins/boss_slime.webp → 200 (50ms, 4594B)
[2026-03-30T13:22:32.017Z] GET http://localhost:7892/img/skins/boss_goblin.webp → 200 (51ms, 7712B)
[2026-03-30T13:22:32.017Z] GET http://localhost:7892/img/skins/boss_wolf.webp → 200 (51ms, 6282B)
[2026-03-30T13:22:32.017Z] GET http://localhost:7892/img/skins/boss_orc.webp → 200 (54ms, 6050B)
[2026-03-30T13:22:32.017Z] GET http://localhost:7892/img/skins/boss_troll.webp → 200 (54ms, 7650B)
[2026-03-30T13:22:32.017Z] GET http://localhost:7892/img/skins/boss_dragon.webp → 200 (54ms, 8706B)
[2026-03-30T13:22:32.017Z] GET http://localhost:7892/img/skins/item_craft_void_blade.webp → 200 (54ms, 4316B)
[2026-03-30T13:22:32.017Z] GET http://localhost:7892/img/skins/item_void_plate.webp → 200 (54ms, 5136B)
[2026-03-30T13:22:32.017Z] GET http://localhost:7892/img/skins/item_void_ring.webp → 200 (54ms, 5182B)
[2026-03-30T13:22:32.017Z] GET http://localhost:7892/img/skins/item_golden_plate.webp → 200 (57ms, 7790B)
[2026-03-30T13:22:32.017Z] GET http://localhost:7892/img/skins/item_craft_troll_aegis.webp → 200 (57ms, 5734B)
[2026-03-30T13:22:32.017Z] GET http://localhost:7892/img/skins/item_golden_helm.webp → 200 (57ms, 5176B)
[2026-03-30T13:22:32.017Z] GET http://localhost:7892/img/skins/item_craft_orc_plate.webp → 200 (57ms, 7250B)
[2026-03-30T13:22:32.017Z] GET http://localhost:7892/img/skins/item_shadow_ring.webp → 200 (62ms, 4034B)
[2026-03-30T13:22:32.017Z] GET http://localhost:7892/img/skins/item_craft_scale_robe.webp → 200 (62ms, 5950B)
[2026-03-30T13:22:32.017Z] GET http://localhost:7892/img/skins/chest_epic_chest.webp → 200 (65ms, 8536B)
[2026-03-30T13:22:32.018Z] GET http://localhost:7892/img/skins/item_hp_potion.webp → 200 (68ms, 4556B)
[2026-03-30T13:22:32.018Z] GET http://localhost:7892/img/skins/item_dragon_heart.webp → 200 (62ms, 6954B)
[2026-03-30T13:22:32.018Z] GET http://localhost:7892/img/skins/item_dragon_scale.webp → 200 (70ms, 4106B)
[2026-03-30T13:22:32.018Z] GET http://localhost:7892/img/skins/item_ancient_dust.webp → 200 (70ms, 2134B)
[2026-03-30T13:22:32.018Z] GET http://localhost:7892/img/skins/item_essence_vial.webp → 200 (70ms, 2016B)
[2026-03-30T13:22:32.018Z] GET http://localhost:7892/img/skins/item_warlord_sigil.webp → 200 (70ms, 4588B)
[2026-03-30T13:22:32.018Z] GET http://localhost:7892/img/skins/seed_void_spore.webp → 200 (72ms, 4164B)
[2026-03-30T13:22:32.018Z] GET http://localhost:7892/img/skins/seed_starbloom_seed.webp → 200 (75ms, 3954B)
[2026-03-30T13:22:32.018Z] GET http://localhost:7892/img/skins/item_crystal_root.webp → 200 (76ms, 4804B)
[2026-03-30T13:22:32.018Z] GET http://localhost:7892/img/skins/item_atk_potion.webp → 200 (76ms, 3808B)
[2026-03-30T13:22:32.018Z] GET http://localhost:7892/img/skins/chest_rare_chest.webp → 200 (76ms, 3628B)
[2026-03-30T13:22:32.018Z] GET http://localhost:7892/img/skins/chest_common_chest.webp → 200 (76ms, 4990B)
[2026-03-30T13:22:32.018Z] GET http://localhost:7892/wiki-search.js → 200 (62ms, 22643B)
[2026-03-30T13:22:32.018Z] GET http://localhost:7892/wiki-nav.js → 200 (62ms, 2770B)
[2026-03-30T13:22:32.018Z] GET http://localhost:7892/wiki-config.js → 200 (62ms, 310B)
[2026-03-30T13:22:32.018Z] GET http://localhost:7892/wiki-skins.js → 200 (61ms, 3297B)
[2026-03-30T13:22:32.018Z] GET http://localhost:7892/wiki-online.js → 200 (60ms, 1289B)
[2026-03-30T13:22:32.018Z] GET http://localhost:7892/wiki-patches.js → 200 (61ms, 13311B)
[2026-03-30T13:22:32.039Z] GET https://fonts.googleapis.com/css2?family=Cinzel:wght@400;600;700;800&family=Inter:wght@400;500;600;700&display=swap → pending (?ms, ?B)
[2026-03-30T13:22:34.224Z] GET https://fonts.gstatic.com/s/inter/v20/UcC73FwrK3iLTeHuS_nVMrMxCp50SjIa1ZL7.woff2 → 200 (279ms, 48256B)
[2026-03-30T13:22:34.224Z] GET https://fonts.gstatic.com/s/cinzel/v26/8vIJ7ww63mVu7gt79mT7.woff2 → 200 (268ms, 25904B)
[2026-03-30T13:22:34.224Z] GET https://fonts.gstatic.com/s/jetbrainsmono/v24/tDbv2o-flEEny0FZhsfKu5WU4zr3E_BX0PnT8RD8yKwBNntkaToggR7BYRbKPxDcwg.woff2 → 200 (276ms, 31432B)
[2026-03-30T13:22:34.247Z] GET https://athiojjreuexcmziqbcn.supabase.co/rest/v1/admin_config?id=eq.singleton&select=config → 200 (703ms, ?B)
[2026-03-30T13:22:34.290Z] GET https://athiojjreuexcmziqbcn.supabase.co/rest/v1/profiles?updated_at=gte.2026-03-30T13%3A17%3A34.279Z&select=id → 206 (456ms, 47B)
[2026-03-30T13:22:34.290Z] GET https://api.github.com/repos/borissharikoff-droid/Idly/releases?per_page=25 → pending (?ms, ?B)
[2026-03-30T13:22:34.290Z] GET https://athiojjreuexcmziqbcn.supabase.co/rest/v1/profiles?select=id%2Cgold → 200 (439ms, 1156B)
[2026-03-30T13:22:34.290Z] GET https://athiojjreuexcmziqbcn.supabase.co/rest/v1/user_skills?select=total_xp → 200 (456ms, 4361B)
[2026-03-30T13:22:34.290Z] GET https://athiojjreuexcmziqbcn.supabase.co/rest/v1/session_summaries?select=duration_seconds → 200 (483ms, 10951B)
[2026-03-30T13:22:34.290Z] GET https://athiojjreuexcmziqbcn.supabase.co/rest/v1/marketplace_listings?select=price_gold%2Cstatus → 200 (457ms, 5856B)
[2026-03-30T13:22:34.290Z] GET https://athiojjreuexcmziqbcn.supabase.co/rest/v1/user_inventory?select=id → 200 (457ms, 2B)
[2026-03-30T13:22:34.290Z] GET https://athiojjreuexcmziqbcn.supabase.co/rest/v1/user_skills?select=user_id,total_xp,profiles(username)&limit=1000 → 200 (457ms, 23392B)
